// Jest Snapshot v1, https://goo.gl/fbAQLP

exports[`<Button /> renders correctly 1`] = `
<View
  accessible={true}
  focusable={true}
  onClick={[Function]}
  onResponderGrant={[Function]}
  onResponderMove={[Function]}
  onResponderRelease={[Function]}
  onResponderTerminate={[Function]}
  onResponderTerminationRequest={[Function]}
  onStartShouldSetResponder={[Function]}
  style={
    Object {
      "backgroundColor": "#065535",
      "borderRadius": 10,
      "padding": 10,
    }
  }
>
  <Text
    style={
      Object {
        "color": "#fff",
        "fontSize": 16,
        "fontWeight": "bold",
        "textAlign": "center",
      }
    }
  >
    View more
  </Text>
</View>
`;
