// Jest Snapshot v1, https://goo.gl/fbAQLP

exports[`<Brewery /> renders correctly 1`] = `
<Text>
  Unable to find brewery
</Text>
`;
